gfdsgdfgsdfg
53455345
erdtger
3453453gd
gdfg3453
gdgdfgdf
